测试rebase
2ndRevert
3thRevert
4thRevert
5thRevert
